// Vitest Snapshot v1, https://vitest.dev/guide/snapshot.html

exports[`Chip > should match the snapshot 1`] = `
<div>
  <div
    class="chip css-9lmvxa"
  >
    Chip
  </div>
</div>
`;
