// Vitest Snapshot v1, https://vitest.dev/guide/snapshot.html

exports[`Table > should render 1`] = `
<DocumentFragment>
  <table
    class="css-179tqhh"
    role="table"
  >
    <thead
      class="css-hqx5pz"
      data-testid="thead"
    >
      <tr
        class="css-1o8h9rs"
      >
        <th
          class="css-1y8wkbc"
        >
          Name
        </th>
        <th
          class="css-1y8wkbc"
        >
          Email
        </th>
        <th
          class="css-1y8wkbc"
        >
          City
        </th>
        <th
          class="css-1y8wkbc"
        >
          Country
        </th>
      </tr>
    </thead>
    <tbody
      class="css-fefzs"
      data-testid="tbody"
    >
      <tr
        class="css-1qnhu6f"
        data-testid="tr"
      >
        <td
          class="css-16yn0fw"
          data-testid="td"
        >
          <strong>
            John Doe
          </strong>
        </td>
        <td
          class="css-16yn0fw"
          data-testid="td"
        >
          <a
            href="mailto:johndoe@mail.com"
          >
            johndoe@mail.com
          </a>
        </td>
        <td
          class="css-16yn0fw"
          data-testid="td"
        >
          New York
        </td>
        <td
          class="css-16yn0fw"
          data-testid="td"
        >
          USA
        </td>
      </tr>
      <tr
        class="css-1qnhu6f"
        data-testid="tr"
      >
        <td
          class="css-16yn0fw"
          data-testid="td"
        >
          <strong>
            Jane Doe
          </strong>
        </td>
        <td
          class="css-16yn0fw"
          data-testid="td"
        >
          <a
            href="mailto:janedoe@mail.com"
          >
            janedoe@mail.com
          </a>
        </td>
        <td
          class="css-16yn0fw"
          data-testid="td"
        >
          New York
        </td>
        <td
          class="css-16yn0fw"
          data-testid="td"
        >
          USA
        </td>
      </tr>
      <tr
        class="css-1qnhu6f"
        data-testid="tr"
      >
        <td
          class="css-16yn0fw"
          data-testid="td"
        >
          <strong>
            Jane Doe
          </strong>
        </td>
        <td
          class="css-16yn0fw"
          data-testid="td"
        >
          <a
            href="mailto:janedoe@mail.com"
          >
            janedoe@mail.com
          </a>
        </td>
        <td
          class="css-16yn0fw"
          data-testid="td"
        >
          New York
        </td>
        <td
          class="css-16yn0fw"
          data-testid="td"
        >
          USA
        </td>
      </tr>
      <tr
        class="css-1qnhu6f"
        data-testid="tr"
      >
        <td
          class="css-16yn0fw"
          data-testid="td"
        >
          <strong>
            Jane Doe
          </strong>
        </td>
        <td
          class="css-16yn0fw"
          data-testid="td"
        >
          <a
            href="mailto:janedoe@mail.com"
          >
            janedoe@mail.com
          </a>
        </td>
        <td
          class="css-16yn0fw"
          data-testid="td"
        >
          New York
        </td>
        <td
          class="css-16yn0fw"
          data-testid="td"
        >
          USA
        </td>
      </tr>
      <tr
        class="css-1qnhu6f"
        data-testid="tr"
      >
        <td
          class="css-16yn0fw"
          data-testid="td"
        >
          <strong>
            Jane Doe
          </strong>
        </td>
        <td
          class="css-16yn0fw"
          data-testid="td"
        >
          <a
            href="mailto:janedoe@mail.com"
          >
            janedoe@mail.com
          </a>
        </td>
        <td
          class="css-16yn0fw"
          data-testid="td"
        >
          New York
        </td>
        <td
          class="css-16yn0fw"
          data-testid="td"
        >
          USA
        </td>
      </tr>
      <tr
        class="css-1qnhu6f"
        data-testid="tr"
      >
        <td
          class="css-16yn0fw"
          data-testid="td"
        >
          <strong>
            Jane Doe
          </strong>
        </td>
        <td
          class="css-16yn0fw"
          data-testid="td"
        >
          <a
            href="mailto:janedoe@mail.com"
          >
            janedoe@mail.com
          </a>
        </td>
        <td
          class="css-16yn0fw"
          data-testid="td"
        >
          New York
        </td>
        <td
          class="css-16yn0fw"
          data-testid="td"
        >
          USA
        </td>
      </tr>
      <tr
        class="css-1qnhu6f"
        data-testid="tr"
      >
        <td
          class="css-16yn0fw"
          data-testid="td"
        >
          <strong>
            Jane Doe
          </strong>
        </td>
        <td
          class="css-16yn0fw"
          data-testid="td"
        >
          <a
            href="mailto:janedoe@mail.com"
          >
            janedoe@mail.com
          </a>
        </td>
        <td
          class="css-16yn0fw"
          data-testid="td"
        >
          New York
        </td>
        <td
          class="css-16yn0fw"
          data-testid="td"
        >
          USA
        </td>
      </tr>
      <tr
        class="css-1qnhu6f"
        data-testid="tr"
      >
        <td
          class="css-16yn0fw"
          data-testid="td"
        >
          <strong>
            Jane Doe
          </strong>
        </td>
        <td
          class="css-16yn0fw"
          data-testid="td"
        >
          <a
            href="mailto:janedoe@mail.com"
          >
            janedoe@mail.com
          </a>
        </td>
        <td
          class="css-16yn0fw"
          data-testid="td"
        >
          New York
        </td>
        <td
          class="css-16yn0fw"
          data-testid="td"
        >
          USA
        </td>
      </tr>
      <tr
        class="css-1qnhu6f"
        data-testid="tr"
      >
        <td
          class="css-16yn0fw"
          data-testid="td"
        >
          <strong>
            Jane Doe
          </strong>
        </td>
        <td
          class="css-16yn0fw"
          data-testid="td"
        >
          <a
            href="mailto:janedoe@mail.com"
          >
            janedoe@mail.com
          </a>
        </td>
        <td
          class="css-16yn0fw"
          data-testid="td"
        >
          New York
        </td>
        <td
          class="css-16yn0fw"
          data-testid="td"
        >
          USA
        </td>
      </tr>
      <tr
        class="css-1qnhu6f"
        data-testid="tr"
      >
        <td
          class="css-16yn0fw"
          data-testid="td"
        >
          <strong>
            Jane Doe
          </strong>
        </td>
        <td
          class="css-16yn0fw"
          data-testid="td"
        >
          <a
            href="mailto:janedoe@mail.com"
          >
            janedoe@mail.com
          </a>
        </td>
        <td
          class="css-16yn0fw"
          data-testid="td"
        >
          New York
        </td>
        <td
          class="css-16yn0fw"
          data-testid="td"
        >
          USA
        </td>
      </tr>
      <tr
        class="css-1qnhu6f"
        data-testid="tr"
      >
        <td
          class="css-16yn0fw"
          data-testid="td"
        >
          <strong>
            Jane Doe
          </strong>
        </td>
        <td
          class="css-16yn0fw"
          data-testid="td"
        >
          <a
            href="mailto:janedoe@mail.com"
          >
            janedoe@mail.com
          </a>
        </td>
        <td
          class="css-16yn0fw"
          data-testid="td"
        >
          New York
        </td>
        <td
          class="css-16yn0fw"
          data-testid="td"
        >
          USA
        </td>
      </tr>
      <tr
        class="css-1qnhu6f"
        data-testid="tr"
      >
        <td
          class="css-16yn0fw"
          data-testid="td"
        >
          <strong>
            Jane Doe
          </strong>
        </td>
        <td
          class="css-16yn0fw"
          data-testid="td"
        >
          <a
            href="mailto:janedoe@mail.com"
          >
            janedoe@mail.com
          </a>
        </td>
        <td
          class="css-16yn0fw"
          data-testid="td"
        >
          New York
        </td>
        <td
          class="css-16yn0fw"
          data-testid="td"
        >
          USA
        </td>
      </tr>
      <tr
        class="css-1qnhu6f"
        data-testid="tr"
      >
        <td
          class="css-16yn0fw"
          data-testid="td"
        >
          <strong>
            Jane Doe
          </strong>
        </td>
        <td
          class="css-16yn0fw"
          data-testid="td"
        >
          <a
            href="mailto:janedoe@mail.com"
          >
            janedoe@mail.com
          </a>
        </td>
        <td
          class="css-16yn0fw"
          data-testid="td"
        >
          New York
        </td>
        <td
          class="css-16yn0fw"
          data-testid="td"
        >
          USA
        </td>
      </tr>
      <tr
        class="css-1qnhu6f"
        data-testid="tr"
      >
        <td
          class="css-16yn0fw"
          data-testid="td"
        >
          <strong>
            Jane Doe
          </strong>
        </td>
        <td
          class="css-16yn0fw"
          data-testid="td"
        >
          <a
            href="mailto:janedoe@mail.com"
          >
            janedoe@mail.com
          </a>
        </td>
        <td
          class="css-16yn0fw"
          data-testid="td"
        >
          New York
        </td>
        <td
          class="css-16yn0fw"
          data-testid="td"
        >
          USA
        </td>
      </tr>
      <tr
        class="css-1qnhu6f"
        data-testid="tr"
      >
        <td
          class="css-16yn0fw"
          data-testid="td"
        >
          <strong>
            Jane Doe
          </strong>
        </td>
        <td
          class="css-16yn0fw"
          data-testid="td"
        >
          <a
            href="mailto:janedoe@mail.com"
          >
            janedoe@mail.com
          </a>
        </td>
        <td
          class="css-16yn0fw"
          data-testid="td"
        >
          New York
        </td>
        <td
          class="css-16yn0fw"
          data-testid="td"
        >
          USA
        </td>
      </tr>
      <tr
        class="css-1qnhu6f"
        data-testid="tr"
      >
        <td
          class="css-16yn0fw"
          data-testid="td"
        >
          <strong>
            Jane Doe
          </strong>
        </td>
        <td
          class="css-16yn0fw"
          data-testid="td"
        >
          <a
            href="mailto:janedoe@mail.com"
          >
            janedoe@mail.com
          </a>
        </td>
        <td
          class="css-16yn0fw"
          data-testid="td"
        >
          New York
        </td>
        <td
          class="css-16yn0fw"
          data-testid="td"
        >
          USA
        </td>
      </tr>
      <tr
        class="css-1qnhu6f"
        data-testid="tr"
      >
        <td
          class="css-16yn0fw"
          data-testid="td"
        >
          <strong>
            Jane Doe
          </strong>
        </td>
        <td
          class="css-16yn0fw"
          data-testid="td"
        >
          <a
            href="mailto:janedoe@mail.com"
          >
            janedoe@mail.com
          </a>
        </td>
        <td
          class="css-16yn0fw"
          data-testid="td"
        >
          New York
        </td>
        <td
          class="css-16yn0fw"
          data-testid="td"
        >
          USA
        </td>
      </tr>
      <tr
        class="css-1qnhu6f"
        data-testid="tr"
      >
        <td
          class="css-16yn0fw"
          data-testid="td"
        >
          <strong>
            Jane Doe
          </strong>
        </td>
        <td
          class="css-16yn0fw"
          data-testid="td"
        >
          <a
            href="mailto:janedoe@mail.com"
          >
            janedoe@mail.com
          </a>
        </td>
        <td
          class="css-16yn0fw"
          data-testid="td"
        >
          New York
        </td>
        <td
          class="css-16yn0fw"
          data-testid="td"
        >
          USA
        </td>
      </tr>
      <tr
        class="css-1qnhu6f"
        data-testid="tr"
      >
        <td
          class="css-16yn0fw"
          data-testid="td"
        >
          <strong>
            Jane Doe
          </strong>
        </td>
        <td
          class="css-16yn0fw"
          data-testid="td"
        >
          <a
            href="mailto:janedoe@mail.com"
          >
            janedoe@mail.com
          </a>
        </td>
        <td
          class="css-16yn0fw"
          data-testid="td"
        >
          New York
        </td>
        <td
          class="css-16yn0fw"
          data-testid="td"
        >
          USA
        </td>
      </tr>
      <tr
        class="css-1qnhu6f"
        data-testid="tr"
      >
        <td
          class="css-16yn0fw"
          data-testid="td"
        >
          <strong>
            Jane Doe
          </strong>
        </td>
        <td
          class="css-16yn0fw"
          data-testid="td"
        >
          <a
            href="mailto:janedoe@mail.com"
          >
            janedoe@mail.com
          </a>
        </td>
        <td
          class="css-16yn0fw"
          data-testid="td"
        >
          New York
        </td>
        <td
          class="css-16yn0fw"
          data-testid="td"
        >
          USA
        </td>
      </tr>
      <tr
        class="css-1qnhu6f"
        data-testid="tr"
      >
        <td
          class="css-16yn0fw"
          data-testid="td"
        >
          <strong>
            Jane Doe
          </strong>
        </td>
        <td
          class="css-16yn0fw"
          data-testid="td"
        >
          <a
            href="mailto:janedoe@mail.com"
          >
            janedoe@mail.com
          </a>
        </td>
        <td
          class="css-16yn0fw"
          data-testid="td"
        >
          New York
        </td>
        <td
          class="css-16yn0fw"
          data-testid="td"
        >
          USA
        </td>
      </tr>
      <tr
        class="css-1qnhu6f"
        data-testid="tr"
      >
        <td
          class="css-16yn0fw"
          data-testid="td"
        >
          <strong>
            Jane Doe
          </strong>
        </td>
        <td
          class="css-16yn0fw"
          data-testid="td"
        >
          <a
            href="mailto:janedoe@mail.com"
          >
            janedoe@mail.com
          </a>
        </td>
        <td
          class="css-16yn0fw"
          data-testid="td"
        >
          New York
        </td>
        <td
          class="css-16yn0fw"
          data-testid="td"
        >
          USA
        </td>
      </tr>
      <tr
        class="css-1qnhu6f"
        data-testid="tr"
      >
        <td
          class="css-16yn0fw"
          data-testid="td"
        >
          <strong>
            Jane Doe
          </strong>
        </td>
        <td
          class="css-16yn0fw"
          data-testid="td"
        >
          <a
            href="mailto:janedoe@mail.com"
          >
            janedoe@mail.com
          </a>
        </td>
        <td
          class="css-16yn0fw"
          data-testid="td"
        >
          New York
        </td>
        <td
          class="css-16yn0fw"
          data-testid="td"
        >
          USA
        </td>
      </tr>
      <tr
        class="css-1qnhu6f"
        data-testid="tr"
      >
        <td
          class="css-16yn0fw"
          data-testid="td"
        >
          <strong>
            Jane Doe
          </strong>
        </td>
        <td
          class="css-16yn0fw"
          data-testid="td"
        >
          <a
            href="mailto:janedoe@mail.com"
          >
            janedoe@mail.com
          </a>
        </td>
        <td
          class="css-16yn0fw"
          data-testid="td"
        >
          New York
        </td>
        <td
          class="css-16yn0fw"
          data-testid="td"
        >
          USA
        </td>
      </tr>
      <tr
        class="css-1qnhu6f"
        data-testid="tr"
      >
        <td
          class="css-16yn0fw"
          data-testid="td"
        >
          <strong>
            Jane Doe
          </strong>
        </td>
        <td
          class="css-16yn0fw"
          data-testid="td"
        >
          <a
            href="mailto:janedoe@mail.com"
          >
            janedoe@mail.com
          </a>
        </td>
        <td
          class="css-16yn0fw"
          data-testid="td"
        >
          New York
        </td>
        <td
          class="css-16yn0fw"
          data-testid="td"
        >
          USA
        </td>
      </tr>
      <tr
        class="css-1qnhu6f"
        data-testid="tr"
      >
        <td
          class="css-16yn0fw"
          data-testid="td"
        >
          <strong>
            Jane Doe
          </strong>
        </td>
        <td
          class="css-16yn0fw"
          data-testid="td"
        >
          <a
            href="mailto:janedoe@mail.com"
          >
            janedoe@mail.com
          </a>
        </td>
        <td
          class="css-16yn0fw"
          data-testid="td"
        >
          New York
        </td>
        <td
          class="css-16yn0fw"
          data-testid="td"
        >
          USA
        </td>
      </tr>
      <tr
        class="css-1qnhu6f"
        data-testid="tr"
      >
        <td
          class="css-16yn0fw"
          data-testid="td"
        >
          <strong>
            Jane Doe
          </strong>
        </td>
        <td
          class="css-16yn0fw"
          data-testid="td"
        >
          <a
            href="mailto:janedoe@mail.com"
          >
            janedoe@mail.com
          </a>
        </td>
        <td
          class="css-16yn0fw"
          data-testid="td"
        >
          New York
        </td>
        <td
          class="css-16yn0fw"
          data-testid="td"
        >
          USA
        </td>
      </tr>
      <tr
        class="css-1qnhu6f"
        data-testid="tr"
      >
        <td
          class="css-16yn0fw"
          data-testid="td"
        >
          <strong>
            Jane Doe
          </strong>
        </td>
        <td
          class="css-16yn0fw"
          data-testid="td"
        >
          <a
            href="mailto:janedoe@mail.com"
          >
            janedoe@mail.com
          </a>
        </td>
        <td
          class="css-16yn0fw"
          data-testid="td"
        >
          New York
        </td>
        <td
          class="css-16yn0fw"
          data-testid="td"
        >
          USA
        </td>
      </tr>
      <tr
        class="css-1qnhu6f"
        data-testid="tr"
      >
        <td
          class="css-16yn0fw"
          data-testid="td"
        >
          <strong>
            Jane Doe
          </strong>
        </td>
        <td
          class="css-16yn0fw"
          data-testid="td"
        >
          <a
            href="mailto:janedoe@mail.com"
          >
            janedoe@mail.com
          </a>
        </td>
        <td
          class="css-16yn0fw"
          data-testid="td"
        >
          New York
        </td>
        <td
          class="css-16yn0fw"
          data-testid="td"
        >
          USA
        </td>
      </tr>
      <tr
        class="css-1qnhu6f"
        data-testid="tr"
      >
        <td
          class="css-16yn0fw"
          data-testid="td"
        >
          <strong>
            Jane Doe
          </strong>
        </td>
        <td
          class="css-16yn0fw"
          data-testid="td"
        >
          <a
            href="mailto:janedoe@mail.com"
          >
            janedoe@mail.com
          </a>
        </td>
        <td
          class="css-16yn0fw"
          data-testid="td"
        >
          New York
        </td>
        <td
          class="css-16yn0fw"
          data-testid="td"
        >
          USA
        </td>
      </tr>
      <tr
        class="css-1qnhu6f"
        data-testid="tr"
      >
        <td
          class="css-16yn0fw"
          data-testid="td"
        >
          <strong>
            Jane Doe
          </strong>
        </td>
        <td
          class="css-16yn0fw"
          data-testid="td"
        >
          <a
            href="mailto:janedoe@mail.com"
          >
            janedoe@mail.com
          </a>
        </td>
        <td
          class="css-16yn0fw"
          data-testid="td"
        >
          New York
        </td>
        <td
          class="css-16yn0fw"
          data-testid="td"
        >
          USA
        </td>
      </tr>
      <tr
        class="css-1qnhu6f"
        data-testid="tr"
      >
        <td
          class="css-16yn0fw"
          data-testid="td"
        >
          <strong>
            Jane Doe
          </strong>
        </td>
        <td
          class="css-16yn0fw"
          data-testid="td"
        >
          <a
            href="mailto:janedoe@mail.com"
          >
            janedoe@mail.com
          </a>
        </td>
        <td
          class="css-16yn0fw"
          data-testid="td"
        >
          New York
        </td>
        <td
          class="css-16yn0fw"
          data-testid="td"
        >
          USA
        </td>
      </tr>
    </tbody>
  </table>
</DocumentFragment>
`;
