// Vitest Snapshot v1, https://vitest.dev/guide/snapshot.html

exports[`Select > should render 1`] = `
<div>
  <div
    class="css-9p0mgr"
  >
    <div
      aria-activedescendant=""
      aria-controls="downshift-0-menu"
      aria-expanded="false"
      aria-haspopup="listbox"
      aria-labelledby="downshift-0-label"
      class="css-u6w49n"
      data-testid="apr-select-button"
      id="downshift-0-toggle-button"
      role="combobox"
      tabindex="0"
    >
      <div
        class="css-kucoek"
        for="downshift-0-toggle-button"
        id="downshift-0-label"
      >
        Seleccione un pa√≠s
      </div>
      <svg
        fill="currentColor"
        height="1em"
        stroke="currentColor"
        stroke-width="0"
        viewBox="0 0 16 16"
        width="1em"
        xmlns="http://www.w3.org/2000/svg"
      >
        <path
          d="M1.646 4.646a.5.5 0 0 1 .708 0L8 10.293l5.646-5.647a.5.5 0 0 1 .708.708l-6 6a.5.5 0 0 1-.708 0l-6-6a.5.5 0 0 1 0-.708z"
          fill-rule="evenodd"
        />
      </svg>
    </div>
    <div
      aria-labelledby="downshift-0-label"
      class="css-no9x8w"
      data-testid="apr-select-menu"
      id="downshift-0-menu"
      role="listbox"
    />
  </div>
</div>
`;
