// Vitest Snapshot v1, https://vitest.dev/guide/snapshot.html

exports[`Input > should render correctly 1`] = `
<DocumentFragment>
  <div
    class="css-q5ir41"
  >
    <input
      placeholder="Email"
    />
  </div>
</DocumentFragment>
`;
