// Vitest Snapshot v1, https://vitest.dev/guide/snapshot.html

exports[`Steps > should render correctly 1`] = `
<div>
  <div
    class="css-ov1ktg"
  >
    <div
      class="css-tqghp"
    >
      <svg
        color="#0984e3"
        data-testid="step-icon"
        fill="currentColor"
        height="1em"
        stroke="currentColor"
        stroke-width="0"
        style="color: rgb(9, 132, 227);"
        viewBox="0 0 16 16"
        width="1em"
        xmlns="http://www.w3.org/2000/svg"
      >
        <path
          d="M16 8A8 8 0 1 1 0 8a8 8 0 0 1 16 0zm-3.97-3.03a.75.75 0 0 0-1.08.022L7.477 9.417 5.384 7.323a.75.75 0 0 0-1.06 1.06L6.97 11.03a.75.75 0 0 0 1.079-.02l3.992-4.99a.75.75 0 0 0-.01-1.05z"
        />
      </svg>
      <h3
        class="css-1jzba66"
      >
        Paso 1
      </h3>
    </div>
    <div
      class="css-16i4vku"
    >
      <h3
        class="css-1jzba66"
      >
        Paso 2
      </h3>
    </div>
    <div
      class="css-bfv55k"
    >
      <h3
        class="css-1jzba66"
      >
        Paso 3
      </h3>
    </div>
  </div>
</div>
`;
